[1/40] base: apps/cli/src/command-execution-result.ts::OrderedCommandOutput
[2/40] base: apps/cli/src/daemon/completion-spool.ts::DaemonCompletionSpoolStore
[3/40] base: apps/cli/src/daemon/daemon-controller.ts::DaemonController::stop
[4/40] base: apps/cli/src/daemon/daemon-lifetime.ts::DaemonLifetime
[5/40] base: apps/cli/src/daemon/daemon-navigation-worker-protocol.ts::DaemonNavigationWorkerProtocol::response
[6/40] base: apps/cli/src/daemon/daemon-logger.ts::DaemonLogger
[7/40] base: apps/cli/src/daemon/daemon-registry.ts::DaemonRegistry
[8/40] base: apps/cli/src/daemon/daemon-process-launcher.ts::NodeDaemonProcessTerminator
[9/40] base: apps/cli/src/daemon/daemon-resource-monitor.ts::DaemonResourcePolicy
[10/40] base: apps/cli/src/daemon/daemon-resource-monitor.ts::DaemonResourceSupervisor
[11/40] base: apps/cli/src/daemon/daemon-result-chunk-codec.ts::DaemonResultChunkCodec
[12/40] base: apps/cli/src/daemon/daemon-result-chunk-codec.ts::DaemonTransferFrameDecoder
[13/40] base: apps/cli/src/daemon/daemon-startup-coordinator.ts::DaemonStartupCoordinator::ensureRunning
[14/40] base: apps/cli/src/daemon/daemon-startup-coordinator.ts::DaemonStartupCoordinator::trigger
[15/40] base: apps/cli/src/daemon/local-daemon-transport.ts::LocalDaemonTransport::completeWithOneReattachment
[16/40] base: apps/cli/src/daemon/local-daemon-transport.ts::LocalDaemonTransport::execute
[17/40] base: apps/cli/src/daemon/local-daemon-transport.ts::LocalDaemonTransport::request
[18/40] head: apps/cli/src/daemon/completion-spool.ts::DaemonCompletionSpoolStore
[19/40] head: apps/cli/src/command-execution-result.ts::OrderedCommandOutput
[20/40] head: apps/cli/src/daemon/daemon-controller.ts::DaemonController::stop
[21/40] head: apps/cli/src/daemon/daemon-logger.ts::DaemonLogger
[22/40] head: apps/cli/src/daemon/daemon-navigation-worker-protocol.ts::DaemonNavigationWorkerProtocol::response
[23/40] head: apps/cli/src/daemon/daemon-lifetime.ts::DaemonLifetime
[24/40] head: apps/cli/src/daemon/daemon-registry.ts::DaemonRegistry
[25/40] head: apps/cli/src/daemon/daemon-process-launcher.ts::NodeDaemonProcessTerminator
[26/40] head: apps/cli/src/daemon/daemon-resource-monitor.ts::DaemonResourceSupervisor
[27/40] head: apps/cli/src/daemon/daemon-result-chunk-codec.ts::DaemonResultChunkCodec
[28/40] head: apps/cli/src/daemon/daemon-result-chunk-codec.ts::DaemonTransferFrameDecoder
[29/40] head: apps/cli/src/daemon/daemon-startup-coordinator.ts::DaemonStartupCoordinator::ensureRunning
[30/40] head: apps/cli/src/daemon/daemon-startup-coordinator.ts::DaemonStartupCoordinator::trigger
[31/40] head: apps/cli/src/daemon/local-daemon-transport.ts::LocalDaemonTransport::completeWithReattachments
[32/40] head: apps/cli/src/daemon/local-daemon-transport.ts::LocalDaemonTransport::execute
[33/40] head: apps/cli/src/daemon/local-daemon-transport.ts::LocalDaemonTransport::request
[34/40] head: apps/cli/test/helpers/daemon-controller.ts::TestDaemonController
[35/40] head: apps/cli/test/helpers/daemon-process-terminator.ts::TestNodeDaemonProcessTerminator
[36/40] head: apps/cli/test/helpers/daemon-resource-policy.ts::TestDaemonResourcePolicy
[37/40] head: apps/cli/test/helpers/daemon-registry.ts::TestDaemonRegistry
[38/40] head: apps/cli/test/helpers/daemon-startup-coordinator.ts::TestDaemonStartupCoordinator
[39/40] head: apps/cli/test/helpers/local-daemon-transport.ts::TestLocalDaemonTransport
[40/40] head: apps/cli/test/helpers/workspace-daemon.ts::TestWorkspaceDaemon
Wrote data/report.json and data/report.js: 15 decisions, 60 changed files
