
> build
> node scripts/build.mjs

{
  "records": 13,
  "receipts": 71,
  "readers": 17,
  "ridges": [
    {
      "source": "startup",
      "target": "shutdown",
      "count": 3,
      "files": [
        "apps/cli/src/daemon/daemon-command-dispatcher.ts",
        "apps/cli/src/daemon/daemon-startup-coordinator.ts",
        "apps/cli/src/daemon/workspace-daemon.ts"
      ]
    },
    {
      "source": "output",
      "target": "resources",
      "count": 2,
      "files": [
        "apps/cli/src/daemon/daemon-navigation-worker-entry.ts",
        "apps/cli/src/daemon/workspace-daemon.ts"
      ]
    },
    {
      "source": "shutdown",
      "target": "resources",
      "count": 2,
      "files": [
        "apps/cli/src/daemon/daemon-process-launcher.ts",
        "apps/cli/src/daemon/workspace-daemon.ts"
      ]
    },
    {
      "source": "startup",
      "target": "diagnostics",
      "count": 2,
      "files": [
        "apps/cli/src/daemon/daemon-entry.ts",
        "apps/cli/src/daemon/workspace-daemon.ts"
      ]
    },
    {
      "source": "output",
      "target": "delivery",
      "count": 1,
      "files": [
        "apps/cli/src/daemon/local-daemon-transport.ts"
      ]
    },
    {
      "source": "output",
      "target": "transport",
      "count": 1,
      "files": [
        "apps/cli/src/daemon/local-daemon-transport.ts"
      ]
    }
  ],
  "sources": 122
}
