
> capture
> node scripts/capture.mjs

{
  "peaks": [
    {
      "id": "output",
      "count": 7,
      "baseCount": 0,
      "files": [
        "apps/cli/src/cli-program-executor.ts",
        "apps/cli/src/command-execution-result.ts",
        "apps/cli/src/daemon/completion-spool.ts",
        "apps/cli/src/daemon/daemon-navigation-worker-entry.ts",
        "apps/cli/src/daemon/daemon-navigation-worker.ts",
        "apps/cli/src/daemon/local-daemon-transport.ts",
        "apps/cli/src/daemon/workspace-daemon.ts"
      ]
    },
    {
      "id": "startup",
      "count": 6,
      "baseCount": 0,
      "files": [
        "apps/cli/src/commands/daemon/register-daemon-command.ts",
        "apps/cli/src/daemon/daemon-command-dispatcher.ts",
        "apps/cli/src/daemon/daemon-entry.ts",
        "apps/cli/src/daemon/daemon-registry.ts",
        "apps/cli/src/daemon/daemon-startup-coordinator.ts",
        "apps/cli/src/daemon/workspace-daemon.ts"
      ]
    },
    {
      "id": "shutdown",
      "count": 6,
      "baseCount": 0,
      "files": [
        "apps/cli/src/daemon/daemon-command-dispatcher.ts",
        "apps/cli/src/daemon/daemon-controller.ts",
        "apps/cli/src/daemon/daemon-lifetime.ts",
        "apps/cli/src/daemon/daemon-process-launcher.ts",
        "apps/cli/src/daemon/daemon-startup-coordinator.ts",
        "apps/cli/src/daemon/workspace-daemon.ts"
      ]
    },
    {
      "id": "resources",
      "count": 4,
      "baseCount": 2,
      "files": [
        "apps/cli/src/daemon/daemon-navigation-worker-entry.ts",
        "apps/cli/src/daemon/daemon-process-launcher.ts",
        "apps/cli/src/daemon/daemon-resource-monitor.ts",
        "apps/cli/src/daemon/workspace-daemon.ts"
      ]
    },
    {
      "id": "diagnostics",
      "count": 3,
      "baseCount": 0,
      "files": [
        "apps/cli/src/daemon/daemon-entry.ts",
        "apps/cli/src/daemon/daemon-logger.ts",
        "apps/cli/src/daemon/workspace-daemon.ts"
      ]
    },
    {
      "id": "transport",
      "count": 1,
      "baseCount": 0,
      "files": [
        "apps/cli/src/daemon/local-daemon-transport.ts"
      ]
    },
    {
      "id": "delivery",
      "count": 1,
      "baseCount": 0,
      "files": [
        "apps/cli/src/daemon/local-daemon-transport.ts"
      ]
    }
  ],
  "links": [
    {
      "source": "output",
      "target": "startup",
      "count": 1
    },
    {
      "source": "output",
      "target": "shutdown",
      "count": 1
    },
    {
      "source": "output",
      "target": "resources",
      "count": 2
    },
    {
      "source": "output",
      "target": "diagnostics",
      "count": 1
    },
    {
      "source": "output",
      "target": "transport",
      "count": 1
    },
    {
      "source": "output",
      "target": "delivery",
      "count": 1
    },
    {
      "source": "startup",
      "target": "shutdown",
      "count": 3
    },
    {
      "source": "startup",
      "target": "resources",
      "count": 1
    },
    {
      "source": "startup",
      "target": "diagnostics",
      "count": 2
    },
    {
      "source": "shutdown",
      "target": "resources",
      "count": 2
    },
    {
      "source": "shutdown",
      "target": "diagnostics",
      "count": 1
    },
    {
      "source": "resources",
      "target": "diagnostics",
      "count": 1
    },
    {
      "source": "transport",
      "target": "delivery",
      "count": 1
    }
  ],
  "references": {
    "base": 6,
    "head": 91
  },
  "diagnostics": {
    "base": {
      "rootFiles": 61,
      "syntaxErrors": 0,
      "semanticErrors": 0
    },
    "head": {
      "rootFiles": 61,
      "syntaxErrors": 0,
      "semanticErrors": 0
    }
  },
  "sources": 122
}
