ffmpeg version 8.0.1 Copyright (c) 2000-2025 the FFmpeg developers
  built with Apple clang version 17.0.0 (clang-1700.4.4.1)
  configuration: --prefix=/opt/homebrew/Cellar/ffmpeg/8.0.1 --enable-shared --enable-pthreads --enable-version3 --cc=clang --host-cflags= --host-ldflags= --enable-ffplay --enable-gnutls --enable-gpl --enable-libaom --enable-libaribb24 --enable-libbluray --enable-libdav1d --enable-libharfbuzz --enable-libjxl --enable-libmp3lame --enable-libopus --enable-librav1e --enable-librist --enable-librubberband --enable-libsnappy --enable-libsrt --enable-libssh --enable-libsvtav1 --enable-libtesseract --enable-libtheora --enable-libvidstab --enable-libvmaf --enable-libvorbis --enable-libvpx --enable-libwebp --enable-libx264 --enable-libx265 --enable-libxml2 --enable-libxvid --enable-lzma --enable-libfontconfig --enable-libfreetype --enable-frei0r --enable-libass --enable-libopencore-amrnb --enable-libopencore-amrwb --enable-libopenjpeg --enable-libspeex --enable-libsoxr --enable-libzmq --enable-libzimg --disable-libjack --disable-indev=jack --enable-videotoolbox --enable-audiotoolbox --enable-neon
  libavutil      60.  8.100 / 60.  8.100
  libavcodec     62. 11.100 / 62. 11.100
  libavformat    62.  3.100 / 62.  3.100
  libavdevice    62.  1.100 / 62.  1.100
  libavfilter    11.  4.100 / 11.  4.100
  libswscale      9.  1.100 /  9.  1.100
  libswresample   6.  1.100 /  6.  1.100
Input #0, image2, from '/Users/moyaseen/projects/rich-review-v2/experiments/21-narrated-top/.render/frames/%05d.png':
  Duration: 00:01:30.00, start: 0.000000, bitrate: N/A
  Stream #0:0: Video: png, rgb24(pc, gbr/unknown/unknown), 1280x720, 12 fps, 12 tbr, 12 tbn
[aist#1:0/pcm_s16le @ 0x133104880] Guessed Channel Layout: mono
Input #1, wav, from '/Users/moyaseen/projects/rich-review-v2/experiments/21-narrated-top/assets/narration.wav':
  Metadata:
    encoder         : Lavf62.3.100
  Duration: 00:01:30.00, bitrate: 768 kb/s
  Stream #1:0: Audio: pcm_s16le ([1][0][0][0] / 0x0001), 48000 Hz, mono, s16, 768 kb/s
Input #2, webvtt, from '/Users/moyaseen/projects/rich-review-v2/experiments/21-narrated-top/assets/captions.vtt':
  Duration: N/A, bitrate: N/A
  Stream #2:0: Subtitle: webvtt
Input #3, ffmetadata, from '/Users/moyaseen/projects/rich-review-v2/experiments/21-narrated-top/.render/chapters.ffmeta':
  Duration: 00:01:30.00, start: 0.000000, bitrate: 0 kb/s
  Chapters:
    Chapter #3:0: start 0.000000, end 15.000000
      Metadata:
        title           : Owners
    Chapter #3:1: start 15.000000, end 30.000000
      Metadata:
        title           : Host seam
    Chapter #3:2: start 30.000000, end 45.000000
      Metadata:
        title           : State
    Chapter #3:3: start 45.000000, end 60.000000
      Metadata:
        title           : Recovery
    Chapter #3:4: start 60.000000, end 75.000000
      Metadata:
        title           : Policy
    Chapter #3:5: start 75.000000, end 90.000000
      Metadata:
        title           : Cutover
Stream mapping:
  Stream #0:0 -> #0:0 (png (native) -> h264 (libx264))
  Stream #1:0 -> #0:1 (pcm_s16le (native) -> aac (native))
  Stream #2:0 -> #0:2 (webvtt (native) -> mov_text (native))
Press [q] to stop, [?] for help
[libx264 @ 0x130e08850] using cpu capabilities: ARMv8 NEON DotProd I8MM
[libx264 @ 0x130e08850] profile High, level 3.1, 4:2:0, 8-bit
[libx264 @ 0x130e08850] 264 - core 165 r3222 b35605a - H.264/MPEG-4 AVC codec - Copyleft 2003-2025 - http://www.videolan.org/x264.html - options: cabac=1 ref=3 deblock=1:0:0 analyse=0x3:0x113 me=hex subme=7 psy=1 psy_rd=1.00:0.00 mixed_ref=1 me_range=16 chroma_me=1 trellis=1 8x8dct=1 cqm=0 deadzone=21,11 fast_pskip=1 chroma_qp_offset=-2 threads=18 lookahead_threads=3 sliced_threads=0 nr=0 decimate=1 interlaced=0 bluray_compat=0 constrained_intra=0 bframes=3 b_pyramid=2 b_adapt=1 b_bias=0 direct=1 weightb=1 open_gop=0 weightp=2 keyint=250 keyint_min=24 scenecut=40 intra_refresh=0 rc_lookahead=40 rc=crf mbtree=1 crf=19.0 qcomp=0.60 qpmin=0 qpmax=69 qpstep=4 ip_ratio=1.40 aq=1:1.00
Output #0, mp4, to '/Users/moyaseen/projects/rich-review-v2/experiments/21-narrated-top/assets/narrated-top.mp4':
  Metadata:
    title           : Same commands, different owners
    artist          : Synthetic narration: macOS Samantha
    encoder         : Lavf62.3.100
  Chapters:
    Chapter #0:0: start 0.000000, end 15.000000
      Metadata:
        title           : Owners
    Chapter #0:1: start 15.000000, end 30.000000
      Metadata:
        title           : Host seam
    Chapter #0:2: start 30.000000, end 45.000000
      Metadata:
        title           : State
    Chapter #0:3: start 45.000000, end 60.000000
      Metadata:
        title           : Recovery
    Chapter #0:4: start 60.000000, end 75.000000
      Metadata:
        title           : Policy
    Chapter #0:5: start 75.000000, end 90.000000
      Metadata:
        title           : Cutover
  Stream #0:0: Video: h264 (avc1 / 0x31637661), yuv420p(tv, progressive), 1280x720, q=2-31, 24 fps, 12288 tbn
    Metadata:
      encoder         : Lavc62.11.100 libx264
    Side data:
      cpb: bitrate max/min/avg: 0/0/0 buffer size: 0 vbv_delay: N/A
  Stream #0:1: Audio: aac (LC) (mp4a / 0x6134706D), 48000 Hz, mono, fltp, 160 kb/s
    Metadata:
      encoder         : Lavc62.11.100 aac
  Stream #0:2(eng): Subtitle: mov_text (tx3g / 0x67337874)
    Metadata:
      encoder         : Lavc62.11.100 mov_text
frame=  343 fps=0.0 q=21.0 size=     256KiB time=00:00:14.20 bitrate= 147.7kbits/s dup=208 drop=0 speed=27.9x elapsed=0:00:00.51    frame=  831 fps=823 q=24.0 size=    1024KiB time=00:00:34.54 bitrate= 242.9kbits/s dup=451 drop=0 speed=34.2x elapsed=0:00:01.01    frame= 1313 fps=865 q=24.0 size=    1792KiB time=00:00:54.62 bitrate= 268.8kbits/s dup=691 drop=0 speed=  36x elapsed=0:00:01.51    frame= 1782 fps=883 q=24.0 size=    2304KiB time=00:01:14.16 bitrate= 254.5kbits/s dup=927 drop=0 speed=36.7x elapsed=0:00:02.01    [vf#0:0 @ 0x130e09010] More than 1000 frames duplicated
[mp4 @ 0x130e07eb0] Starting second pass: moving the moov atom to the beginning of the file
[out#0/mp4 @ 0x6000017703c0] video:1229KiB audio:1865KiB subtitle:2KiB other streams:0KiB global headers:0KiB muxing overhead: 2.071752%
frame= 2160 fps=888 q=-1.0 Lsize=    3160KiB time=00:01:29.91 bitrate= 287.9kbits/s dup=1080 drop=0 speed=  37x elapsed=0:00:02.43    
[libx264 @ 0x130e08850] frame I:12    Avg QP: 8.53  size: 76192
[libx264 @ 0x130e08850] frame P:547   Avg QP:15.18  size:   426
[libx264 @ 0x130e08850] frame B:1601  Avg QP:10.28  size:    69
[libx264 @ 0x130e08850] consecutive B-frames:  1.0%  0.4%  0.3% 98.3%
[libx264 @ 0x130e08850] mb I  I16..4: 66.5%  9.1% 24.4%
[libx264 @ 0x130e08850] mb P  I16..4:  0.2%  0.0%  0.0%  P16..4:  0.7%  0.1%  0.0%  0.0%  0.0%    skip:99.0%
[libx264 @ 0x130e08850] mb B  I16..4:  0.0%  0.0%  0.0%  B16..8:  0.8%  0.0%  0.0%  direct: 0.0%  skip:99.2%  L0:66.0% L1:33.2% BI: 0.8%
[libx264 @ 0x130e08850] 8x8 transform intra:9.2% inter:10.3%
[libx264 @ 0x130e08850] coded y,uvDC,uvAC intra: 15.9% 19.4% 17.4% inter: 0.0% 0.0% 0.0%
[libx264 @ 0x130e08850] i16 v,h,dc,p: 66% 31%  3%  0%
[libx264 @ 0x130e08850] i8 v,h,dc,ddl,ddr,vr,hd,vl,hu: 73% 11% 16%  0%  0%  0%  0%  0%  0%
[libx264 @ 0x130e08850] i4 v,h,dc,ddl,ddr,vr,hd,vl,hu: 34% 28% 16%  2%  4%  4%  4%  3%  4%
[libx264 @ 0x130e08850] i8c dc,h,v,p: 60% 34%  6%  1%
[libx264 @ 0x130e08850] Weighted P-Frames: Y:0.0% UV:0.0%
[libx264 @ 0x130e08850] ref P L0: 66.1%  1.1% 23.9%  8.9%
[libx264 @ 0x130e08850] ref B L0: 65.6% 32.8%  1.6%
[libx264 @ 0x130e08850] ref B L1: 98.9%  1.1%
[libx264 @ 0x130e08850] kb/s:111.79
[aac @ 0x130e0d360] Qavg: 3572.114
