
 RUN  v2.1.9 /Users/moyaseen/projects/rich-review-v2/worktrees/pr-148-head/packages/daemon

 ✓ src/registry/registry.test.ts (64 tests) 827ms
   ✓ daemon registry > keeps replacement ownership when two processes clean the old owner 665ms
 ✓ src/host-contract.test.ts (14 tests) 549ms
 ✓ src/client/daemon-client.test.ts (29 tests) 15ms
 ✓ test/integration/built-process-entry.test.ts (3 tests) 1278ms
   ✓ built daemon process entry > executes its parsed generic executor configuration exactly once 1097ms
 ✓ src/process/process-coordinator-construction.test.ts (7 tests) 6ms
 ✓ src/client/daemon-routing-policy.test.ts (15 tests) 5ms
 ✓ src/client/daemon-client-control.test.ts (5 tests) 4ms
 ✓ test/integration/built-entry-artifacts.test.ts (3 tests) 64ms
 ✓ src/lifecycle/daemon-lifetime.test.ts (4 tests) 4ms
 ✓ test/integration/built-process-launcher.test.ts (2 tests) 5ms
 ✓ src/entry-boundary.test.ts (2 tests) 8ms
 ✓ src/lifecycle/daemon-clock.test.ts (3 tests) 2ms
 ✓ src/client/daemon-client-public.test.ts (1 test) 51ms
 ✓ src/package-boundary.test.ts (1 test) 5ms

 Test Files  14 passed (14)
      Tests  153 passed (153)
   Start at  03:23:20
   Duration  5.13s (transform 274ms, setup 0ms, collect 854ms, tests 2.82s, environment 1ms, prepare 368ms)

