{
  "startedAt": "2026-09-13T11:42:44.729Z",
  "checks": [
    {
      "name": "Three folds preserve the complete surface and the same six handle DOM objects",
      "passed": true
    },
    {
      "name": "All six cleanup/revision comparisons match the captured return contract",
      "passed": true,
      "observations": [
        {
          "build": "base",
          "phase": "held",
          "return": "fulfilled"
        },
        {
          "build": "base",
          "phase": "resolve",
          "return": "fulfilled"
        },
        {
          "build": "base",
          "phase": "reject",
          "return": "fulfilled"
        },
        {
          "build": "head",
          "phase": "held",
          "return": "pending"
        },
        {
          "build": "head",
          "phase": "resolve",
          "return": "fulfilled"
        },
        {
          "build": "head",
          "phase": "reject",
          "return": "rejected"
        }
      ]
    },
    {
      "name": "Opening adds microprint while preserving the cleared-entry reading",
      "passed": true
    },
    {
      "name": "Every edge opens a matching mechanism; every source receipt opens and returns focus",
      "passed": true,
      "receiptWindows": {
        "ownership": 5,
        "values": 6,
        "turn": 3,
        "refresh": 6,
        "release": 10,
        "tests": 5
      },
      "total": 35
    },
    {
      "name": "Sequential reading and return keep the selected edge",
      "passed": true
    },
    {
      "name": "URL reload and browser history restore shape, revision, cleanup, depth and edge",
      "passed": true
    },
    {
      "name": "Native keyboard controls operate the fold buttons, slider and cleanup selector",
      "passed": true
    },
    {
      "name": "Rapid interruption settles to the requested pose",
      "passed": true
    },
    {
      "name": "Reduced motion reaches the final geometry without a pending tween",
      "passed": true
    },
    {
      "name": "320, 390, 768 and 1440 px layouts preserve controls, sources and page width",
      "passed": true,
      "layouts": [
        {
          "width": 320,
          "overflow": false
        },
        {
          "width": 390,
          "overflow": false
        },
        {
          "width": 768,
          "overflow": false
        },
        {
          "width": 1440,
          "overflow": false
        }
      ]
    },
    {
      "name": "Direct file opening, no-JavaScript surface and print styles remain readable",
      "passed": true
    },
    {
      "name": "Final screenshots captured at desktop and phone sizes",
      "passed": true
    }
  ],
  "errors": [],
  "externalRequests": [],
  "complete": true,
  "finishedAt": "2026-09-13T11:43:01.021Z"
}
