node:internal/modules/run_main:122
    triggerUncaughtException(
    ^

locator.click: Timeout 30000ms exceeded.
Call log:
[2m  - waiting for locator('[data-receipt="E06-3"]')[22m
[2m    - locator resolved to <a class="receipt" data-receipt="E06-3" href="evidence.html#E06-3">…</a>[22m
[2m  - attempting click action[22m
[2m    2 × waiting for element to be visible, enabled and stable[22m
[2m      - element is not stable[22m
[2m    - retrying click action[22m
[2m    - waiting 20ms[22m

    at /Users/moyaseen/projects/rich-review-v2/experiments/62-policy-stained-glass/scripts/check-browser.mjs:76:312 {
  log: [
    `  - waiting for locator('[data-receipt="E06-3"]')`,
    '    - locator resolved to <a class="receipt" data-receipt="E06-3" href="evidence.html#E06-3">…</a>',
    '  - attempting click action',
    '    2 × waiting for element to be visible, enabled and stable',
    '      - element is not stable',
    '    - retrying click action',
    '    - waiting 20ms'
  ],
  name: 'TimeoutError'
}

Node.js v22.12.0
