{
  "started": "2026-09-13T10:33:05.747Z",
  "entry": "file:///Users/moyaseen/projects/rich-review-v2/experiments/62-policy-stained-glass/index.html",
  "checks": [
    {
      "name": "offline load and complete layer",
      "passed": true,
      "detail": {
        "records": 14,
        "panes": 11
      }
    },
    {
      "name": "all glass selections and readouts",
      "passed": true,
      "detail": [
        "capture",
        "framing",
        "worker",
        "memory",
        "status",
        "ordinary",
        "reattach",
        "fetch",
        "startup",
        "shutdown",
        "diagnostics"
      ]
    },
    {
      "name": "all eight material filters",
      "passed": true
    },
    {
      "name": "base and head boundary treatments",
      "passed": true
    },
    {
      "name": "keyboard selection, history and direct view links",
      "passed": true
    },
    {
      "name": "all three crack jumps",
      "passed": true
    },
    {
      "name": "all fourteen descent and exact return anchors",
      "passed": true
    },
    {
      "name": "all source disclosures, Escape and restored focus",
      "passed": true,
      "detail": {
        "links": 68
      }
    },
    {
      "name": "recorded request playback: all four steps",
      "passed": true
    },
    {
      "name": "four viewport layouts, pane interaction and source dialogs",
      "passed": true,
      "detail": [
        {
          "width": 320,
          "document": 320,
          "panes": 11
        },
        {
          "width": 390,
          "document": 390,
          "panes": 11
        },
        {
          "width": 768,
          "document": 768,
          "panes": 11
        },
        {
          "width": 1440,
          "document": 1440,
          "panes": 11
        }
      ]
    },
    {
      "name": "ordinary/reduced motion and print media",
      "passed": true
    },
    {
      "name": "standalone evidence: 68 excerpts and 60 file diffs",
      "passed": true
    },
    {
      "name": "phone touch selection and material filtering",
      "passed": true
    },
    {
      "name": "JavaScript-disabled decision reading and source links",
      "passed": true
    },
    {
      "name": "no browser errors or external requests",
      "passed": true
    }
  ],
  "errors": [],
  "externalRequests": [],
  "viewports": [
    {
      "width": 320,
      "document": 320,
      "panes": 11
    },
    {
      "width": 390,
      "document": 390,
      "panes": 11
    },
    {
      "width": 768,
      "document": 768,
      "panes": 11
    },
    {
      "width": 1440,
      "document": 1440,
      "panes": 11
    }
  ],
  "passed": true,
  "finished": "2026-09-13T10:33:15.044Z"
}
