{
  "capturedAt": "2026-09-13T10:09:21.415Z",
  "pins": {
    "base": "b3a6c4fa5dcf96223765aa147a9e094cd4a51b0e",
    "head": "b100221db48754656328391b878299c5a0bab443"
  },
  "scope": "Actual compiled base/head methods with scripted local socket peers; no daemon process or command backend. The spill probe calls actual output capture with the adapter-equivalent inline threshold. Browser replays these frozen observations.",
  "deadlines": [
    {
      "side": "base",
      "purpose": "status-observer",
      "request": {
        "kind": "identify",
        "instanceId": "instance",
        "processToken": "token"
      },
      "configuredMs": 100,
      "peerDelayMs": 160,
      "outcome": "timeout",
      "elapsedMs": 103
    },
    {
      "side": "base",
      "purpose": "ordinary",
      "request": {
        "kind": "identify",
        "instanceId": "instance",
        "processToken": "token"
      },
      "configuredMs": 250,
      "peerDelayMs": 160,
      "outcome": "identity",
      "elapsedMs": 163
    },
    {
      "side": "head",
      "purpose": "status-observer",
      "request": {
        "kind": "identify",
        "instanceId": "instance",
        "processToken": "token"
      },
      "configuredMs": 100,
      "peerDelayMs": 160,
      "outcome": "timeout",
      "elapsedMs": 102
    },
    {
      "side": "head",
      "purpose": "ordinary",
      "request": {
        "kind": "identify",
        "instanceId": "instance",
        "processToken": "token"
      },
      "configuredMs": 250,
      "peerDelayMs": 160,
      "outcome": "identity",
      "elapsedMs": 162
    }
  ],
  "delivery": [
    {
      "side": "base",
      "scenario": "scope",
      "policyOverridesApplied": {},
      "events": [
        "execute",
        "execute",
        "result-fetch",
        "result-ack"
      ],
      "outcome": "completed"
    },
    {
      "side": "base",
      "scenario": "two-reattachments",
      "policyOverridesApplied": {},
      "events": [
        "execute",
        "execute"
      ],
      "outcome": "closed",
      "delivery": "accepted"
    },
    {
      "side": "base",
      "scenario": "later-error",
      "policyOverridesApplied": {},
      "events": [
        "execute",
        "execute"
      ],
      "outcome": "closed",
      "delivery": "accepted"
    },
    {
      "side": "base",
      "scenario": "fetch-limit-two",
      "policyOverridesApplied": {},
      "events": [
        "execute",
        "result-fetch"
      ],
      "outcome": "corrupt",
      "delivery": "accepted"
    },
    {
      "side": "head",
      "scenario": "scope",
      "policyOverridesApplied": {},
      "events": [
        "execute",
        "execute",
        "result-fetch",
        "result-ack"
      ],
      "outcome": "completed"
    },
    {
      "side": "head",
      "scenario": "two-reattachments",
      "policyOverridesApplied": {
        "postAcceptanceExecutionReattachmentLimit": 2
      },
      "events": [
        "execute",
        "execute",
        "execute",
        "result-ack"
      ],
      "outcome": "completed"
    },
    {
      "side": "head",
      "scenario": "later-error",
      "policyOverridesApplied": {},
      "events": [
        "execute",
        "execute"
      ],
      "outcome": "corrupt",
      "delivery": "accepted"
    },
    {
      "side": "head",
      "scenario": "fetch-limit-two",
      "policyOverridesApplied": {
        "resultTransferResumeLimitPerExecutionAttempt": 2
      },
      "events": [
        "execute",
        "result-fetch"
      ],
      "outcome": "corrupt",
      "delivery": "accepted"
    }
  ],
  "spill": [
    {
      "side": "base",
      "requestedInlineBytes": 0,
      "effectiveInlineBytes": 0,
      "rawBytes": 5,
      "filesWhileRetained": 1,
      "filesAfterDispose": 0,
      "adapter": "Head threshold is computed from the exact adapter expression; the adapter class itself is not executed."
    },
    {
      "side": "head",
      "requestedInlineBytes": 0,
      "effectiveInlineBytes": 65536,
      "rawBytes": 5,
      "filesWhileRetained": 0,
      "filesAfterDispose": 0,
      "adapter": "Head threshold is computed from the exact adapter expression; the adapter class itself is not executed."
    }
  ]
}
