[
  {
    "name": "folder and README contract",
    "passed": true
  },
  {
    "name": "frozen sources and excerpts equal pinned Git objects",
    "detail": {
      "snapshots": 118,
      "excerpts": 68
    },
    "passed": true
  },
  {
    "name": "complete records precede every mechanism; all changed files mapped",
    "detail": {
      "files": 60,
      "added": 1298,
      "deleted": 544
    },
    "passed": true
  },
  {
    "name": "local links, source anchors and unique IDs",
    "passed": true
  },
  {
    "name": "Paper.js geometry partitions without overlap",
    "detail": "55 pairs",
    "passed": true
  },
  {
    "name": "no review persistence or network API calls",
    "passed": true
  },
  {
    "name": "both Symnav worktrees have no tracked modifications",
    "passed": true
  }
]
