{
  "commits": {
    "base": "a1e325a5ff979bdfa25babc5554621c8c0f20497",
    "head": "64919bcbcf7fcc8202779b78c5f069b24662bb18"
  },
  "baseRelease": {
    "whilePending": "fulfilled",
    "afterProjectSettlement": "fulfilled",
    "returnedFailure": false,
    "oldEntryReused": false,
    "searches": 2
  },
  "headRelease": {
    "whilePending": "pending",
    "afterProjectSettlement": "rejected",
    "returnedFailure": true,
    "oldEntryReused": false,
    "searches": 2
  },
  "core": {
    "handlesIsolated": true,
    "usableBeforeBeginTurn": true,
    "undefinedCalls": 1,
    "thrownCalls": 2,
    "rejectedCalls": 1,
    "sameRejectedAfterSettlement": true,
    "oldStillResolves": "old",
    "lateSettlementKeptNewEntry": true,
    "usableAfterRepeatedRelease": true
  }
}
