TEST src/daemon/workspace-daemon-requests.test.ts :: WorkspaceDaemon requests > authorizes startup before listening and publishes readiness
TEST src/daemon/workspace-daemon-requests.test.ts :: WorkspaceDaemon requests > binds lifecycle transport while navigation initialization is blocked
TEST src/daemon/workspace-daemon-requests.test.ts :: WorkspaceDaemon requests > claims and heartbeats daemon ownership throughout blocked initialization
TEST src/daemon/workspace-daemon-requests.test.ts :: WorkspaceDaemon requests > claims startup from an exact live launcher despite an old heartbeat
TEST src/daemon/workspace-daemon-requests.test.ts :: WorkspaceDaemon requests > waits through the registry mutation grace for startup authorization
TEST src/daemon/workspace-daemon-requests.test.ts :: WorkspaceDaemon requests > cleans exact starting ownership when worker initialization fails
TEST src/daemon/workspace-daemon-requests.test.ts :: WorkspaceDaemon requests > authenticates identity requests
TEST src/daemon/workspace-daemon-requests.test.ts :: WorkspaceDaemon requests > authenticates termination requests
TEST src/daemon/workspace-daemon-requests.test.ts :: WorkspaceDaemon requests > reports protocol and process identity to matching pings
TEST src/daemon/workspace-daemon-requests.test.ts :: WorkspaceDaemon requests > reports workspace status metrics in daemon pings
TEST src/daemon/workspace-daemon-requests.test.ts :: WorkspaceDaemon requests > executes matching workspace requests
TEST src/daemon/workspace-daemon-requests.test.ts :: WorkspaceDaemon requests > timestamps daemon requests when they are accepted
TEST src/daemon/workspace-daemon-requests.test.ts :: WorkspaceDaemon requests > serializes workspace execution requests
TEST src/daemon/workspace-daemon-requests.test.ts :: WorkspaceDaemon requests > executes disconnected active and queued accepted requests once in FIFO order
TEST src/daemon/workspace-daemon-requests.test.ts :: WorkspaceDaemon requests > attaches identical duplicate identifiers without duplicate execution
TEST src/daemon/workspace-daemon-requests.test.ts :: WorkspaceDaemon requests > reports unknown, queued, running, completed, and failed execution status
TEST src/daemon/workspace-daemon-requests.test.ts :: WorkspaceDaemon requests > keeps serving after a result exceeds daemon completion capacity
TEST src/daemon/workspace-daemon-requests.test.ts :: WorkspaceDaemon requests > keeps one result chunk in flight while the attachment sink is stalled
TEST src/daemon/workspace-daemon-requests.test.ts :: WorkspaceDaemon requests > fails a completion cleanly after spool sync failure and keeps serving
SPILL daemon-spool-file
SPILL daemon-spool-file
TEST src/daemon/workspace-daemon-requests.test.ts :: WorkspaceDaemon requests > maps completion read failure to one controlled result and keeps serving
SPILL daemon-spool-file
SPILL daemon-spool-file
TEST src/daemon/workspace-daemon-requests.test.ts :: WorkspaceDaemon requests > acknowledges logical cleanup when physical unlink fails and keeps serving
SPILL daemon-spool-file
SPILL daemon-spool-file
TEST src/daemon/workspace-daemon-requests.test.ts :: WorkspaceDaemon requests > reports active command and queued count while worker execution is blocked
TEST src/daemon/workspace-daemon-requests.test.ts :: WorkspaceDaemon requests > acknowledges graceful stop requests
TEST src/daemon/workspace-daemon-requests.test.ts :: WorkspaceDaemon requests > reports draining from the main thread while admitted work completes
TEST src/daemon/workspace-daemon-requests.test.ts :: WorkspaceDaemon requests > force-terminates blocked worker execution with one controlled result
TEST src/daemon/workspace-daemon-requests.test.ts :: WorkspaceDaemon requests > closes transport while leaving ready ownership for an exit observer
TEST src/daemon/workspace-daemon-requests.test.ts :: WorkspaceDaemon requests > records worker freshness diagnostics for every execution turn
TEST src/daemon/workspace-daemon-requests.test.ts :: WorkspaceDaemon requests > records ordered execution and delivery terminals for one request
TEST src/daemon/workspace-daemon-requests.test.ts :: WorkspaceDaemon requests > reports retained spool bytes until completion acknowledgement
TEST src/daemon/workspace-daemon-requests.test.ts :: WorkspaceDaemon requests > releases successful request traces after acknowledgement under sustained churn
TEST src/daemon/workspace-daemon-requests.test.ts :: WorkspaceDaemon requests > releases non-replayable failed request traces after delivery
TEST src/daemon/workspace-daemon-requests.test.ts :: WorkspaceDaemon requests > retains disconnected request traces only until replay acknowledgement
TEST src/daemon/workspace-daemon-requests.test.ts :: WorkspaceDaemon requests > records result-fetch as reattachment without replaying execution
TEST src/daemon/workspace-daemon-requests.test.ts :: WorkspaceDaemon requests > keeps a delivered trace while a result-fetch caller remains connected
TEST src/daemon/workspace-daemon-requests.test.ts :: WorkspaceDaemon requests > expires disconnected traces without expiring resumable results
TEST src/daemon/workspace-daemon-requests.test.ts :: WorkspaceDaemon requests > bounds retained traces during sustained abandoned disconnect churn
TEST src/daemon/workspace-daemon-requests.test.ts :: WorkspaceDaemon requests > severs evicted and expired traces while blocked requests remain resumable
TEST src/daemon/workspace-daemon-requests.test.ts :: WorkspaceDaemon requests > expires a blocked trace after its reattached caller disconnects
TEST src/daemon/workspace-daemon-requests.test.ts :: WorkspaceDaemon requests > releases retained request traces during shutdown
TEST src/daemon/workspace-daemon-requests.test.ts :: WorkspaceDaemon requests > logs startup failures before rethrowing them
TEST src/daemon/workspace-daemon-requests.test.ts :: WorkspaceDaemon requests > does not mutate registry ownership during process-local shutdown
TEST src/daemon/workspace-daemon-requests.test.ts :: WorkspaceDaemon requests > exits after transport cleanup fails
TEST src/daemon/workspace-daemon-requests.test.ts :: WorkspaceDaemon requests > shuts down when the navigation worker exits unexpectedly
TEST src/daemon/workspace-daemon-requests.test.ts :: WorkspaceDaemon requests > observes an unexpected exit from a non-initial worker generation
TEST src/daemon/workspace-daemon-requests.test.ts :: WorkspaceDaemon requests > fails active work once and preserves queued FIFO across worker replacement
TEST src/daemon/workspace-daemon-requests.test.ts :: WorkspaceDaemon requests > reports worker replacement recovery from the main thread
TEST src/daemon/workspace-daemon-requests.test.ts :: WorkspaceDaemon requests > completes scheduled shedding before the next queued worker turn
TEST src/daemon/workspace-daemon-requests.test.ts :: WorkspaceDaemon requests > replaces a failed shed before releasing queued work
TEST src/daemon/workspace-daemon-requests.test.ts :: WorkspaceDaemon requests > sheds pressure first observed at turn completion before the next turn
TEST src/daemon/workspace-daemon-requests.test.ts :: WorkspaceDaemon requests > replaces a failed turn-completion shed before the queued turn
TEST src/daemon/workspace-daemon-requests.test.ts :: WorkspaceDaemon requests > recovers one real worker old-generation exhaustion during warm-up
TEST src/daemon/workspace-daemon-requests.test.ts :: WorkspaceDaemon requests > sheds soft pressure before warm-up publishes readiness
TEST src/daemon/workspace-daemon-requests.test.ts :: WorkspaceDaemon requests > recovers a real old-generation exhaustion without replaying active work
TEST src/daemon/workspace-daemon-requests.test.ts :: WorkspaceDaemon requests > recovers real external RSS pressure while lifecycle control stays responsive
TEST src/daemon/local-daemon-transport-execution.test.ts :: LocalDaemonTransport execution delivery > uses the accepted-request protocol generation
TEST src/daemon/local-daemon-transport-execution.test.ts :: LocalDaemonTransport execution delivery > classifies connection refusal before any write as retry-safe
TEST src/daemon/local-daemon-transport-execution.test.ts :: LocalDaemonTransport execution delivery > classifies a close after submission but before acceptance as non-retryable
TEST src/daemon/local-daemon-transport-execution.test.ts :: LocalDaemonTransport execution delivery > preserves authenticated rejection retry safety
TEST src/daemon/local-daemon-transport-execution.test.ts :: LocalDaemonTransport execution delivery > allows execution admission beyond the lifecycle request timeout
TEST src/daemon/local-daemon-transport-execution.test.ts :: LocalDaemonTransport execution delivery > has no completion deadline after acceptance
TEST src/daemon/local-daemon-transport-execution.test.ts :: LocalDaemonTransport execution delivery > transfers and acknowledges a generated twelve MiB mixed-stream result
SPILL daemon-spool-file
SPILL client-output-file
TEST src/daemon/local-daemon-transport-execution.test.ts :: LocalDaemonTransport execution delivery > advances one client record only after its spool append completes
SPILL client-output-file
TEST src/daemon/local-daemon-transport-execution.test.ts :: LocalDaemonTransport execution delivery > resumes after a stalled append at the first durably missing record
TEST src/daemon/local-daemon-transport-execution.test.ts :: LocalDaemonTransport execution delivery > resumes a disconnected result transfer at the contiguous record offset
TEST src/daemon/local-daemon-transport-execution.test.ts :: LocalDaemonTransport execution delivery > rejects corrupt resumed transfer control: duplicate-manifest
TEST src/daemon/local-daemon-transport-execution.test.ts :: LocalDaemonTransport execution delivery > rejects corrupt resumed transfer control: missing-manifest
TEST src/daemon/local-daemon-transport-execution.test.ts :: LocalDaemonTransport execution delivery > rejects corrupt resumed transfer control: wrong-transfer
TEST src/daemon/local-daemon-transport-execution.test.ts :: LocalDaemonTransport execution delivery > rejects corrupt resumed transfer control: wrong-raw-bytes
TEST src/daemon/local-daemon-transport-execution.test.ts :: LocalDaemonTransport execution delivery > rejects corrupt resumed transfer control: wrong-record-count
TEST src/daemon/local-daemon-transport-execution.test.ts :: LocalDaemonTransport execution delivery > rejects corrupt resumed transfer control: wrong-digest
TEST src/daemon/local-daemon-transport-execution.test.ts :: LocalDaemonTransport execution delivery > rejects corrupt resumed transfer control: duplicate-end
TEST src/daemon/local-daemon-transport-execution.test.ts :: LocalDaemonTransport execution delivery > rejects corrupt resumed transfer control: chunk-after-end
TEST src/daemon/local-daemon-transport-execution.test.ts :: LocalDaemonTransport execution delivery > settles an accepted completion when the acknowledgement response is eof
TEST src/daemon/local-daemon-transport-execution.test.ts :: LocalDaemonTransport execution delivery > settles an accepted completion when the acknowledgement response is close
TEST src/daemon/local-daemon-transport-execution.test.ts :: LocalDaemonTransport execution delivery > settles an accepted completion when the acknowledgement response is malformed
TEST src/daemon/local-daemon-transport-execution.test.ts :: LocalDaemonTransport execution delivery > settles an accepted completion when the acknowledgement response is multiple
TEST src/daemon/local-daemon-transport-execution.test.ts :: LocalDaemonTransport execution delivery > settles an accepted completion when the acknowledgement response is multiple-separated
TEST src/daemon/local-daemon-transport-execution.test.ts :: LocalDaemonTransport execution delivery > cleans client output and fails without replay when the daemon dies before resume
SPILL client-output-file
TEST src/daemon/local-daemon-transport-execution.test.ts :: LocalDaemonTransport execution delivery > disposes partial client output when daemon delivery fails after its manifest
TEST src/daemon/local-daemon-transport-execution.test.ts :: LocalDaemonTransport execution delivery > reports EOF after acceptance as a typed post-accept failure
TEST src/daemon/local-daemon-transport-execution.test.ts :: LocalDaemonTransport execution delivery > reattaches once with the same request after accepted delivery closes
TEST src/daemon/local-daemon-transport-execution.test.ts :: LocalDaemonTransport execution delivery > gives the reattached execute attempt its own fetch resume
TEST src/daemon/local-daemon-transport-execution.test.ts :: LocalDaemonTransport execution delivery > rejects invalid execution frame sequence: instance
TEST src/daemon/local-daemon-transport-execution.test.ts :: LocalDaemonTransport execution delivery > rejects invalid execution frame sequence: token
TEST src/daemon/local-daemon-transport-execution.test.ts :: LocalDaemonTransport execution delivery > rejects invalid execution frame sequence: request identifier
TEST src/daemon/local-daemon-transport-execution.test.ts :: LocalDaemonTransport execution delivery > rejects invalid execution frame sequence: completion before acceptance
TEST src/daemon/local-daemon-transport-execution.test.ts :: LocalDaemonTransport execution delivery > rejects invalid execution frame sequence: duplicate acceptance
TEST src/daemon/local-daemon-transport-execution.test.ts :: LocalDaemonTransport execution delivery > rejects invalid execution frame sequence: duplicate terminal frame
TEST src/daemon/local-daemon-transport-execution.test.ts :: LocalDaemonTransport execution delivery > rejects invalid execution frame sequence: unknown failure code
TEST src/cli-program-executor.test.ts :: CliProgramExecutor > captures successful command frames in write order and replays exact bytes
TEST src/cli-program-executor.test.ts :: CliProgramExecutor > replays identical ordered bytes from inline and spilled command output
SPILL client-output-file
TEST src/cli-program-executor.test.ts :: CliProgramExecutor > advances nonempty output at the smallest valid chunk capacity
TEST src/cli-program-executor.test.ts :: CliProgramExecutor > serializes replay through terminal backpressure and disposes after completion
TEST src/cli-program-executor.test.ts :: CliProgramExecutor > disposes retained output when terminal replay fails
TEST src/cli-program-executor.test.ts :: CliProgramExecutor > captures Commander execution for [ '--version' ]
TEST src/cli-program-executor.test.ts :: CliProgramExecutor > captures Commander execution for [ '--help' ]
TEST src/cli-program-executor.test.ts :: CliProgramExecutor > captures Commander execution for [ 'overview', '--help' ]
TEST src/cli-program-executor.test.ts :: CliProgramExecutor > captures Commander execution for []
TEST src/cli-program-executor.test.ts :: CliProgramExecutor > captures Commander execution for [ 'def' ]
TEST src/cli-program-executor.test.ts :: CliProgramExecutor > captures Commander execution for [ 'wat' ]
TEST src/cli-program-executor.test.ts :: CliProgramExecutor > does not construct backends for help invocation "--version"
TEST src/cli-program-executor.test.ts :: CliProgramExecutor > does not construct backends for help invocation "--help"
TEST src/cli-program-executor.test.ts :: CliProgramExecutor > does not construct backends for help invocation "overview"
TEST src/cli-program-executor.test.ts :: CliProgramExecutor > captures user errors, crashes, JSON, and hidden stats
TEST src/cli-program-executor.test.ts :: CliProgramExecutor > records one warm telemetry event at the executing process
TEST src/cli-program-executor.test.ts :: CliProgramExecutor > replaces local output over the result limit without partial bytes
TEST src/cli-program-executor.test.ts :: CliProgramExecutor > creates a fresh request session for each non-injected navigation
TEST src/cli-program-executor.test.ts :: CliProgramExecutor > reuses an injected workspace session across executions
TEST src/daemon/completion-spool.test.ts :: DaemonCompletionSpoolStore > uses the required output-policy capacities
TEST src/daemon/completion-spool.test.ts :: DaemonCompletionSpoolStore > spills threshold-plus-one output securely and acknowledges exact completion cleanup
SPILL daemon-spool-file
TEST src/daemon/completion-spool.test.ts :: DaemonCompletionSpoolStore > fails closed on aggregate capacity and never evicts an earlier completion
TEST src/daemon/completion-spool.test.ts :: DaemonCompletionSpoolStore > accepts exactly 256 MiB and deletes the partial spool one byte over
SPILL daemon-spool-file
TEST src/daemon/completion-spool.test.ts :: DaemonCompletionSpoolStore > cleans only the confirmed dead instance and rejects unsafe existing storage
TEST src/daemon/completion-spool.test.ts :: DaemonCompletionSpoolStore > releases ownership and retries physical cleanup after a sync failure
SPILL daemon-spool-file
TEST src/daemon/completion-spool.test.ts :: DaemonCompletionSpoolStore > releases ownership and retries physical cleanup after a close failure
SPILL daemon-spool-file
TEST src/daemon/completion-spool.test.ts :: DaemonCompletionSpoolStore > releases acknowledged quota and retries failed unlink during instance cleanup
SPILL daemon-spool-file
