{
  "capturedAt": "2026-09-13T05:28:40.117Z",
  "kind": "Real source modules with controlled collaborators; no full CLI or socket run",
  "scenarios": {
    "source": {
      "main": [
        {
          "at": "both files read",
          "reads": 2
        },
        {
          "at": "select a; read a",
          "reads": 2
        },
        {
          "at": "read omitted b",
          "reads": 3
        },
        {
          "at": "read b again, still outside snapshot",
          "reads": 4
        }
      ],
      "tip": [
        {
          "at": "both files read",
          "reads": 2
        },
        {
          "at": "select a; read a",
          "reads": 2
        },
        {
          "at": "read omitted b",
          "reads": 3
        },
        {
          "at": "read b again, still outside snapshot",
          "reads": 4
        }
      ]
    },
    "publication": [
      {
        "at": "initial workspace",
        "files": [
          "a.ts@1",
          "b.ts@1"
        ],
        "events": [
          "prepare",
          "commit"
        ]
      },
      {
        "at": "select a revision 2",
        "files": [
          "a.ts@2",
          "b.ts@1"
        ],
        "events": [
          "prepare",
          "commit"
        ]
      },
      {
        "at": "adapter omits changed a",
        "files": [
          "a.ts@2",
          "b.ts@1"
        ],
        "events": [
          "prepare",
          "rollback"
        ],
        "error": "Revisioned backend preparation omitted changed path a.ts"
      }
    ],
    "owners": {
      "all": [
        "/lesson/A.json",
        "/lesson/B.json"
      ],
      "primary": "/lesson/B.json"
    },
    "release": {
      "main": [
        {
          "at": "project release pending",
          "backendRelease": "fulfilled"
        },
        {
          "at": "project release fulfilled",
          "backendRelease": "fulfilled"
        }
      ],
      "tip": [
        {
          "at": "project release pending",
          "backendRelease": "pending"
        },
        {
          "at": "project release fulfilled",
          "backendRelease": "fulfilled"
        }
      ]
    },
    "cache": [
      {
        "at": "undefined cached twice",
        "factories": 1
      },
      {
        "at": "new turn; same handle",
        "factories": 2
      }
    ],
    "policy": {
      "values": {
        "transport": {
          "singleResponseTimeoutMs": 250,
          "statusResponseTimeoutMs": 100,
          "executionAdmissionTimeoutMs": 5000,
          "maximumJsonPayloadBytes": 8388608,
          "maximumExecutionControlPayloadBytes": 262144
        },
        "startup": {
          "coordinationGraceMs": 15000,
          "heartbeatIntervalMs": 100,
          "authorizationPollIntervalMs": 10,
          "observationPollIntervalMs": 20,
          "previousInstanceTerminationTimeoutMs": 300000,
          "childFailureRetryLimit": 1
        },
        "shutdown": {
          "idleTimeoutMs": 1800000,
          "stopTimeoutMs": 5000,
          "forcedTerminationReserveMaximumMs": 500,
          "controllerPollIntervalMs": 20,
          "processSignalExitTimeoutMs": 500,
          "processExitPollIntervalMs": 20,
          "resourceDrainAcknowledgementGraceMs": 250,
          "resourceDrainAcknowledgementPollIntervalMs": 5
        },
        "delivery": {
          "postAcceptanceExecutionReattachmentLimit": 1,
          "resultTransferResumeLimitPerExecutionAttempt": 1
        },
        "output": {
          "maximumChunkRawBytes": 65536,
          "inlineRawBytes": 262144,
          "maximumResultRawBytes": 268435456,
          "maximumAggregateSpoolRawBytes": 536870912
        },
        "resources": {
          "effectiveMemoryBytes": 8589934592,
          "hardProcessRssBytes": 4294967296,
          "softProcessRssBytes": 3435134976,
          "resumeProcessRssBytes": 3006267392,
          "workerMaxOldGenerationSizeMiB": 2048,
          "supervisionIntervalMs": 250,
          "replacementWindowMs": 600000,
          "replacementLimit": 2,
          "workerHeapSampleIntervalMs": 25
        },
        "diagnostics": {
          "logRotateBytes": 10485760,
          "logBackupCount": 4,
          "maximumQueuedEvents": 1024,
          "disconnectedTraceRetentionMs": 300000,
          "maximumDisconnectedTraces": 1024
        }
      },
      "roundTripEqual": true
    },
    "admission": [
      {
        "at": "all conditions pass",
        "result": {
          "kind": "accept"
        }
      },
      {
        "at": "unauthenticated and not ready",
        "result": {
          "kind": "disconnect",
          "code": "authentication"
        }
      },
      {
        "at": "not ready and under pressure",
        "result": {
          "kind": "reject",
          "code": "not-ready"
        }
      },
      {
        "at": "ready, pressure and queue draining",
        "result": {
          "kind": "reject",
          "code": "resource-pressure"
        }
      }
    ],
    "wire": [
      {
        "at": "first 2 prefix bytes",
        "emitted": 0
      },
      {
        "at": "remaining prefix plus partial JSON",
        "emitted": 0
      },
      {
        "at": "remaining bytes",
        "emitted": 1
      }
    ],
    "receiver": [
      {
        "at": "record 0 append held",
        "nextOffset": 0
      },
      {
        "at": "record 0 append fulfilled",
        "nextOffset": 1
      },
      {
        "at": "fresh connection, same receiver and manifest",
        "nextOffset": 1
      }
    ],
    "ledger": {
      "sameEntry": true,
      "size": 1,
      "clockReads": 1,
      "acceptedAt": 100,
      "queuePosition": 0,
      "changedCommand": "conflicting"
    },
    "queue": [
      {
        "at": "attached stream held",
        "events": [
          "worker:Q42"
        ],
        "active": "Q42",
        "queued": 1,
        "deliveryReads": 1
      },
      {
        "at": "stream settled; resource sample held",
        "events": [
          "worker:Q42",
          "sample:1"
        ],
        "active": "none",
        "queued": 1,
        "deliveryReads": 1
      },
      {
        "at": "sample settled; second request runs without any ACK port",
        "events": [
          "worker:Q42",
          "sample:1",
          "worker:Q43",
          "sample:2"
        ],
        "active": "none",
        "queued": 0,
        "deliveryReads": 2
      }
    ],
    "delivery": {
      "events": [
        "physical cleanup attempted",
        "completion-cleanup",
        "delivery trace terminated"
      ],
      "logicalAcknowledgement": true,
      "response": "result-acknowledged"
    },
    "host": [
      {
        "argv": [
          "refs",
          "def"
        ],
        "selected": {
          "route": {
            "kind": "workspace",
            "commandName": "refs",
            "startDirectory": "/lesson"
          },
          "argv": [
            "refs",
            "def"
          ]
        }
      },
      {
        "argv": [
          "--help"
        ],
        "selected": {
          "route": {
            "kind": "local",
            "commandName": "help"
          },
          "argv": [
            "--help"
          ]
        }
      },
      {
        "argv": [
          "daemon",
          "status"
        ],
        "selected": {
          "route": {
            "kind": "control",
            "action": "status"
          },
          "argv": [
            "daemon",
            "status"
          ]
        }
      }
    ]
  }
}
