{"id":"baseline","totals":{"tests":590,"passed":590,"failed":0,"files":92},"failures":0,"durationMs":19159}
{"id":"transport.singleResponseTimeoutMs","totals":{"tests":590,"passed":587,"failed":3,"files":92},"failures":3,"durationMs":19373}
{"id":"transport.statusResponseTimeoutMs","totals":{"tests":590,"passed":588,"failed":2,"files":92},"failures":2,"durationMs":18704}
{"id":"transport.executionAdmissionTimeoutMs","totals":{"tests":590,"passed":589,"failed":1,"files":92},"failures":1,"durationMs":23419}
{"id":"transport.maximumJsonPayloadBytes","totals":{"tests":590,"passed":587,"failed":3,"files":92},"failures":3,"durationMs":18804}
{"id":"transport.maximumExecutionControlPayloadBytes","totals":{"tests":590,"passed":590,"failed":0,"files":92},"failures":0,"durationMs":18619}
{"id":"startup.coordinationGraceMs","totals":{"tests":590,"passed":590,"failed":0,"files":92},"failures":0,"durationMs":18606}
{"id":"startup.heartbeatIntervalMs","totals":{"tests":590,"passed":590,"failed":0,"files":92},"failures":0,"durationMs":18595}
{"id":"startup.authorizationPollIntervalMs","totals":{"tests":590,"passed":590,"failed":0,"files":92},"failures":0,"durationMs":18814}
{"id":"startup.observationPollIntervalMs","totals":{"tests":590,"passed":590,"failed":0,"files":92},"failures":0,"durationMs":20067}
{"id":"startup.previousInstanceTerminationTimeoutMs","totals":{"tests":590,"passed":588,"failed":2,"files":92},"failures":2,"durationMs":28833}
{"id":"startup.childFailureRetryLimit","totals":{"tests":590,"passed":588,"failed":2,"files":92},"failures":2,"durationMs":18449}
{"id":"shutdown.idleTimeoutMs","totals":{"tests":590,"passed":587,"failed":3,"files":92},"failures":3,"durationMs":28073}
{"id":"shutdown.stopTimeoutMs","totals":{"tests":590,"passed":590,"failed":0,"files":92},"failures":0,"durationMs":27868}
{"id":"shutdown.forcedTerminationReserveMaximumMs","totals":{"tests":590,"passed":590,"failed":0,"files":92},"failures":0,"durationMs":23604}
{"id":"shutdown.controllerPollIntervalMs","totals":{"tests":590,"passed":590,"failed":0,"files":92},"failures":0,"durationMs":28362}
{"id":"shutdown.processSignalExitTimeoutMs","totals":{"tests":590,"passed":590,"failed":0,"files":92},"failures":0,"durationMs":24301}
{"id":"shutdown.processExitPollIntervalMs","totals":{"tests":590,"passed":590,"failed":0,"files":92},"failures":0,"durationMs":24154}
{"id":"shutdown.resourceDrainAcknowledgementGraceMs","totals":{"tests":590,"passed":590,"failed":0,"files":92},"failures":0,"durationMs":19282}
{"id":"shutdown.resourceDrainAcknowledgementPollIntervalMs","totals":{"tests":590,"passed":590,"failed":0,"files":92},"failures":0,"durationMs":18901}
{"id":"delivery.postAcceptanceExecutionReattachmentLimit","totals":{"tests":590,"passed":590,"failed":0,"files":92},"failures":0,"durationMs":18658}
{"id":"delivery.resultTransferResumeLimitPerExecutionAttempt","totals":{"tests":590,"passed":590,"failed":0,"files":92},"failures":0,"durationMs":19329}
{"id":"output.maximumChunkRawBytes","totals":{"tests":590,"passed":589,"failed":1,"files":92},"failures":1,"durationMs":18649}
{"id":"output.inlineRawBytes","totals":{"tests":590,"passed":583,"failed":7,"files":92},"failures":7,"durationMs":19130}
{"id":"output.maximumResultRawBytes","totals":{"tests":590,"passed":588,"failed":2,"files":92},"failures":2,"durationMs":18566}
{"id":"output.maximumAggregateSpoolRawBytes","totals":{"tests":590,"passed":589,"failed":1,"files":92},"failures":1,"durationMs":18675}
{"id":"resources.hardProcessRssBytes","totals":{"tests":590,"passed":585,"failed":5,"files":92},"failures":5,"durationMs":33737}
{"id":"resources.softProcessRssBytes","totals":{"tests":590,"passed":580,"failed":10,"files":92},"failures":10,"durationMs":35590}
{"id":"resources.resumeProcessRssBytes","totals":{"tests":590,"passed":580,"failed":10,"files":92},"failures":10,"durationMs":35981}
{"id":"resources.workerMaxOldGenerationSizeMiB","totals":{"tests":590,"passed":590,"failed":0,"files":92},"failures":0,"durationMs":19684}
{"id":"resources.supervisionIntervalMs","totals":{"tests":590,"passed":589,"failed":1,"files":92},"failures":1,"durationMs":19513}
{"id":"resources.replacementWindowMs","totals":{"tests":590,"passed":590,"failed":0,"files":92},"failures":0,"durationMs":19085}
{"id":"resources.replacementLimit","totals":{"tests":590,"passed":590,"failed":0,"files":92},"failures":0,"durationMs":19590}
{"id":"resources.workerHeapSampleIntervalMs","totals":{"tests":590,"passed":590,"failed":0,"files":92},"failures":0,"durationMs":18846}
{"id":"diagnostics.logRotateBytes","totals":{"tests":590,"passed":589,"failed":1,"files":92},"failures":1,"durationMs":18920}
{"id":"diagnostics.logBackupCount","totals":{"tests":590,"passed":590,"failed":0,"files":92},"failures":0,"durationMs":19182}
{"id":"diagnostics.maximumQueuedEvents","totals":{"tests":590,"passed":588,"failed":2,"files":92},"failures":2,"durationMs":18910}
{"id":"diagnostics.disconnectedTraceRetentionMs","totals":{"tests":590,"passed":586,"failed":4,"files":92},"failures":4,"durationMs":22886}
{"id":"diagnostics.maximumDisconnectedTraces","totals":{"tests":590,"passed":589,"failed":1,"files":92},"failures":1,"durationMs":19064}
{"id":"composition.statusObserverPurpose","totals":{"tests":590,"passed":590,"failed":0,"files":92},"failures":0,"durationMs":18400}
{"id":"shutdown.controllerPollIntervalMs","totals":{"tests":590,"passed":589,"failed":1,"files":92},"failures":1,"durationMs":28433}
{"id":"shutdown.controllerPollIntervalMs","totals":{"tests":590,"passed":589,"failed":1,"files":92},"failures":1,"durationMs":28472}
