{"id":"baseline","totals":{"tests":590,"passed":590,"failed":0,"files":92},"failures":0,"durationMs":18389}
{"id":"transport.singleResponseTimeoutMs","totals":{"tests":590,"passed":587,"failed":3,"files":92},"failures":3,"durationMs":19115}
{"id":"transport.statusResponseTimeoutMs","totals":{"tests":590,"passed":588,"failed":2,"files":92},"failures":2,"durationMs":18716}
{"id":"transport.executionAdmissionTimeoutMs","totals":{"tests":590,"passed":589,"failed":1,"files":92},"failures":1,"durationMs":23609}
{"id":"transport.maximumJsonPayloadBytes","totals":{"tests":590,"passed":587,"failed":3,"files":92},"failures":3,"durationMs":18572}
{"id":"transport.maximumExecutionControlPayloadBytes","totals":{"tests":590,"passed":590,"failed":0,"files":92},"failures":0,"durationMs":18261}
{"id":"startup.coordinationGraceMs","totals":{"tests":590,"passed":590,"failed":0,"files":92},"failures":0,"durationMs":18570}
{"id":"startup.heartbeatIntervalMs","totals":{"tests":590,"passed":590,"failed":0,"files":92},"failures":0,"durationMs":18485}
{"id":"startup.authorizationPollIntervalMs","totals":{"tests":590,"passed":590,"failed":0,"files":92},"failures":0,"durationMs":18323}
{"id":"startup.observationPollIntervalMs","totals":{"tests":590,"passed":590,"failed":0,"files":92},"failures":0,"durationMs":19071}
{"id":"startup.previousInstanceTerminationTimeoutMs","totals":{"tests":590,"passed":588,"failed":2,"files":92},"failures":2,"durationMs":28932}
{"id":"startup.childFailureRetryLimit","totals":{"tests":590,"passed":588,"failed":2,"files":92},"failures":2,"durationMs":18638}
{"id":"shutdown.idleTimeoutMs","totals":{"tests":590,"passed":587,"failed":3,"files":92},"failures":3,"durationMs":27628}
{"id":"shutdown.stopTimeoutMs","totals":{"tests":590,"passed":590,"failed":0,"files":92},"failures":0,"durationMs":27374}
{"id":"shutdown.forcedTerminationReserveMaximumMs","totals":{"tests":590,"passed":590,"failed":0,"files":92},"failures":0,"durationMs":18617}
{"id":"shutdown.controllerPollIntervalMs","totals":{"tests":590,"passed":589,"failed":1,"files":92},"failures":1,"durationMs":27730}
{"id":"shutdown.processSignalExitTimeoutMs","totals":{"tests":590,"passed":590,"failed":0,"files":92},"failures":0,"durationMs":18443}
{"id":"shutdown.processExitPollIntervalMs","totals":{"tests":590,"passed":590,"failed":0,"files":92},"failures":0,"durationMs":18603}
{"id":"shutdown.resourceDrainAcknowledgementGraceMs","totals":{"tests":590,"passed":590,"failed":0,"files":92},"failures":0,"durationMs":18736}
{"id":"shutdown.resourceDrainAcknowledgementPollIntervalMs","totals":{"tests":590,"passed":590,"failed":0,"files":92},"failures":0,"durationMs":19217}
{"id":"delivery.postAcceptanceExecutionReattachmentLimit","totals":{"tests":590,"passed":590,"failed":0,"files":92},"failures":0,"durationMs":18957}
{"id":"delivery.resultTransferResumeLimitPerExecutionAttempt","totals":{"tests":590,"passed":590,"failed":0,"files":92},"failures":0,"durationMs":18675}
{"id":"output.maximumChunkRawBytes","totals":{"tests":590,"passed":589,"failed":1,"files":92},"failures":1,"durationMs":18597}
{"id":"output.inlineRawBytes","totals":{"tests":590,"passed":583,"failed":7,"files":92},"failures":7,"durationMs":18250}
{"id":"output.maximumResultRawBytes","totals":{"tests":590,"passed":588,"failed":2,"files":92},"failures":2,"durationMs":18472}
{"id":"output.maximumAggregateSpoolRawBytes","totals":{"tests":590,"passed":589,"failed":1,"files":92},"failures":1,"durationMs":18250}
{"id":"resources.hardProcessRssBytes","totals":{"tests":590,"passed":585,"failed":5,"files":92},"failures":5,"durationMs":33680}
{"id":"resources.softProcessRssBytes","totals":{"tests":590,"passed":580,"failed":10,"files":92},"failures":10,"durationMs":34961}
{"id":"resources.resumeProcessRssBytes","totals":{"tests":590,"passed":580,"failed":10,"files":92},"failures":10,"durationMs":34840}
{"id":"resources.workerMaxOldGenerationSizeMiB","totals":{"tests":590,"passed":590,"failed":0,"files":92},"failures":0,"durationMs":18460}
{"id":"resources.supervisionIntervalMs","totals":{"tests":590,"passed":589,"failed":1,"files":92},"failures":1,"durationMs":19118}
{"id":"resources.replacementWindowMs","totals":{"tests":590,"passed":590,"failed":0,"files":92},"failures":0,"durationMs":18703}
{"id":"resources.replacementLimit","totals":{"tests":590,"passed":590,"failed":0,"files":92},"failures":0,"durationMs":18521}
{"id":"resources.workerHeapSampleIntervalMs","totals":{"tests":590,"passed":590,"failed":0,"files":92},"failures":0,"durationMs":18298}
{"id":"diagnostics.logRotateBytes","totals":{"tests":590,"passed":589,"failed":1,"files":92},"failures":1,"durationMs":18398}
{"id":"diagnostics.logBackupCount","totals":{"tests":590,"passed":590,"failed":0,"files":92},"failures":0,"durationMs":18405}
{"id":"diagnostics.maximumQueuedEvents","totals":{"tests":590,"passed":588,"failed":2,"files":92},"failures":2,"durationMs":18976}
{"id":"diagnostics.disconnectedTraceRetentionMs","totals":{"tests":590,"passed":586,"failed":4,"files":92},"failures":4,"durationMs":22604}
{"id":"diagnostics.maximumDisconnectedTraces","totals":{"tests":590,"passed":589,"failed":1,"files":92},"failures":1,"durationMs":18843}
{"id":"composition.statusObserverPurpose","totals":{"tests":590,"passed":590,"failed":0,"files":92},"failures":0,"durationMs":18915}
